yarn run v1.22.22
$ next build --no-lint
node.exe :  ΓÜá 
Linting is disabled.
At C:\Users\Dev\AppDa
ta\Roaming\npm\yarn.p
s1:24 char:5
+     & "node$exe"  "
$basedir/node_modules
/yarn/bin/yarn.js" 
$args
+     ~~~~~~~~~~~~~~~
~~~~~~~~~~~~~~~~~~~~~
~~~~~~~~~~~~~~~~~~~~~
~~~
    + CategoryInfo   
           : NotSpe  
  cified: ( ΓÜá Li   
 nting is disable    
d.:String) [], R    
emoteException
    + FullyQualified 
   ErrorId : Native  
  CommandError
 
 ΓÜá Found lockfile 
missing swc 
dependencies, 
patching...
   Γû▓ Next.js 15.3.8
   - Environments: .env

   Creating an optimized production build ...
 Γ¿» Failed to patch 
lockfile, please try 
uninstalling and 
reinstalling next in 
this workspace
[TypeError: Cannot 
read properties of 
undefined (reading 
'os')]
 ΓÜá Found lockfile 
missing swc 
dependencies, 
patching...
 Γ¿» Failed to patch 
lockfile, please try 
uninstalling and 
reinstalling next in 
this workspace
[TypeError: Cannot 
read properties of 
undefined (reading 
'os')]
 ΓÜá Found lockfile 
missing swc 
dependencies, 
patching...
 ΓÜá Found lockfile 
missing swc 
dependencies, 
patching...
 Γ£ô Compiled successfully in 7.0s
   Checking validity of types ...
Failed to compile.

./src/components/ui/t
ransform-section.tsx:
1185:25
Type error: Type '{ 
hidden: { opacity: 
number; y: number; 
scale: number; 
rotateX: number; }; 
visible: { opacity: 
number; y: number; 
scale: number; 
rotateX: number; 
transition: { type: 
string; stiffness: 
number; damping: 
number; duration: 
number; }; }; }' is 
not assignable to 
type 'Variants'.
  Property 'visible' 
is incompatible with 
index signature.
    Type '{ opacity: 
number; y: number; 
scale: number; 
rotateX: number; 
transition: { type: 
string; stiffness: 
number; damping: 
number; duration: 
number; }; }' is not 
assignable to type 
'Variant'.
      Type '{ 
opacity: number; y: 
number; scale: 
number; rotateX: 
number; transition: 
{ type: string; 
stiffness: number; 
damping: number; 
duration: number; }; 
}' is not assignable 
to type 'TargetAndTra
nsition'.
        Type '{ 
opacity: number; y: 
number; scale: 
number; rotateX: 
number; transition: 
{ type: string; 
stiffness: number; 
damping: number; 
duration: number; }; 
}' is not assignable 
to type '{ 
transition?: 
Transition<any> | 
undefined; 
transitionEnd?: 
ResolvedValues$1 | 
undefined; }'.
          Types of 
property 
'transition' are 
incompatible.
            Type '{ 
type: string; 
stiffness: number; 
damping: number; 
duration: number; }' 
is not assignable to 
type 
'Transition<any> | 
undefined'.
              Type 
'{ type: string; 
stiffness: number; 
damping: number; 
duration: number; }' 
is not assignable to 
type 'TransitionWithV
alueOverrides<any>'.
                Type 
'{ type: string; 
stiffness: number; 
damping: number; 
duration: number; }' 
is not assignable to 
type 'ValueAnimationT
ransition<any>'.
                  
Types of property 
'type' are 
incompatible.
                    
Type 'string' is not 
assignable to type 'A
nimationGeneratorType
 | undefined'.

[0m [90m 1183 
|[39m               
  [33m>[39m[0m
[0m [90m 1184 
|[39m               
      [33m<[39m[33
mmotion[39m[33m.[3
9mdiv[0m
[0m[31m[1m>[22m[
39m[90m 1185 |[39m 
                     
   variants[33m=[39
m{itemVariants}[0m
[0m [90m      
|[39m               
          [31m[1m^
[22m[39m[0m
[0m [90m 1186 
|[39m               
          className[
33m=[39m[32m"col-sp
an-1 md:col-span-3"[
39m[0m
[0m [90m 1187 
|[39m               
      [33m>[39m[0m
[0m [90m 1188 
|[39m               
          [33m<[39m
[33mTopCard[39m [3
3m/[39m[33m>[39m[
0m
Next.js build worker 
exited with code: 1 
and signal: null
error Command failed 
with exit code 1.
info Visit https://yarnpkg.com/en/docs/cli/run for documentation about this command.
